Using Python 3.12.13 environment at: .venv_main
Resolved 99 packages in 609ms
   Building liac-arff==2.5.0
Downloading pygments (1.2MiB)
Downloading fonttools (5.2MiB)
Downloading pyarrow (47.8MiB)
Downloading kiwisolver (1.4MiB)
Downloading pycryptodome (2.2MiB)
Downloading catboost (92.6MiB)
Downloading plotly (8.6MiB)
Downloading statsmodels (11.5MiB)
Downloading pydantic-core (2.0MiB)
Downloading numpy (15.9MiB)
Downloading scipy (33.7MiB)
Downloading hf-xet (4.3MiB)
Downloading xgboost (54.9MiB)
Downloading nvidia-nccl-cu13 (240.7MiB)
Downloading lightgbm (3.3MiB)
Downloading scikit-learn (8.7MiB)
      Built liac-arff==2.5.0
 Downloaded pygments
 Downloaded kiwisolver
 Downloaded pydantic-core
 Downloaded pycryptodome
 Downloaded lightgbm
 Downloaded hf-xet
 Downloaded fonttools
 Downloaded plotly
 Downloaded scikit-learn
 Downloaded statsmodels
 Downloaded numpy
 Downloaded scipy
 Downloaded pyarrow
 Downloaded xgboost
 Downloaded catboost
 Downloaded nvidia-nccl-cu13
Prepared 49 packages in 14.05s
Installed 70 packages in 72ms
 + annotated-types==0.8.0
 + anyio==4.14.2
 + argon2-cffi==25.1.0
 + argon2-cffi-bindings==26.1.0
 + catboost==1.2.10
 + certifi==2026.7.22
 + cffi==2.1.1
 + charset-normalizer==3.5.1
 + click==8.5.0
 + cloudpickle==3.1.2
 + contourpy==1.3.3
 + cycler==0.12.1
 + einops==0.8.2
 + fonttools==4.64.0
 + formulaic==1.2.2
 + graphviz==0.21
 + h11==0.16.0
 + hf-xet==1.6.0
 + httpcore==1.0.9
 + httpx==0.28.1
 + huggingface-hub==1.29.0
 + idna==3.19
 + imbalanced-learn==0.14.2
 + iniconfig==2.3.0
 + interface-meta==2.0.1
 + joblib==1.6.0
 + kiwisolver==1.5.1
 + liac-arff==2.5.0
 + lightgbm==4.7.0
 + matplotlib==3.11.1
 + minio==7.2.20
 + narwhals==2.25.0
 + numpy==2.5.2
 + nvidia-nccl-cu13==2.31.2
 + openml==0.15.1
 + packaging==26.3
 + pandas==3.0.5
 + patsy==1.0.3
 + pillow==12.3.0
 + plotly==7.0.0
 + pluggy==1.6.0
 + psutil==7.2.2
 + pyarrow==25.0.1
 + pycparser==3.0
 + pycryptodome==3.23.0
 + pydantic==2.13.5
 + pydantic-core==2.46.5
 + pydantic-settings==2.15.0
 + pygments==2.21.0
 + pyparsing==3.3.2
 + pytest==9.1.1
 + python-dateutil==2.9.0.post0
 + python-dotenv==1.2.3
 + pyyaml==6.0.3
 + requests==2.34.2
 + safetensors==0.8.0
 + scikit-learn==1.9.0
 + scipy==1.18.1
 + six==1.17.0
 + sklearn-compat==0.1.6
 + statsmodels==0.15.0
 + tabicl==2.1.1
 + tabpfn==8.5.0
 + threadpoolctl==3.6.0
 + tqdm==4.70.0
 + typing-inspection==0.4.4
 + urllib3==2.7.0
 + wrapt==2.4.0
 + xgboost==3.4.1
 + xmltodict==1.0.4
