Using Python 3.11.15 environment at: .venv_synthcity
Resolved 192 packages in 4.10s
Downloading pillow (6.6MiB)
Downloading pip (1.7MiB)
Downloading google-ai-generativelanguage (1.3MiB)
Downloading tokenizers (3.1MiB)
Downloading pydantic-core (2.0MiB)
Downloading srsly (1.1MiB)
Downloading kiwisolver (1.4MiB)
Downloading scipy (33.7MiB)
Downloading cryptography (4.5MiB)
Downloading pandas (12.2MiB)
Downloading numpy (17.4MiB)
Downloading transformers (11.4MiB)
Downloading statsmodels (11.5MiB)
Downloading thinc (3.9MiB)
Downloading brotli (1.4MiB)
Downloading grpcio (6.8MiB)
Downloading scikit-learn (8.9MiB)
Downloading pycryptodomex (2.2MiB)
Downloading matplotlib (9.6MiB)
Downloading pgmpy (1.9MiB)
Downloading networkx (1.9MiB)
Downloading tensorboard-data-server (6.3MiB)
Downloading xgboost (213.3MiB)
Downloading pyarrow (47.7MiB)
Downloading google-api-python-client (15.3MiB)
Downloading pyts (2.4MiB)
Downloading tensorboard (5.3MiB)
Downloading blis (10.9MiB)
Downloading torchvision (6.6MiB)
Downloading spacy (33.1MiB)
Downloading sqlalchemy (3.2MiB)
Downloading fonttools (5.2MiB)
Downloading numba (3.6MiB)
Downloading aiohttp (1.7MiB)
Downloading llvmlite (57.1MiB)
Downloading h5py (4.8MiB)
Downloading monai (1.4MiB)
Downloading torchtext (1.9MiB)
 Downloaded srsly
 Downloaded google-ai-generativelanguage
 Downloaded kiwisolver
 Downloaded brotli
   Building pykeops==2.3
   Building keopscore==2.3
   Building nflows==0.14
   Building arfpy==0.1.1
   Building autograd-gamma==0.5.0
   Building feather-format==0.4.1
 Downloaded monai
      Built feather-format==0.4.1
      Built nflows==0.14
 Downloaded aiohttp
      Built autograd-gamma==0.5.0
 Downloaded pip
      Built arfpy==0.1.1
      Built keopscore==2.3
 Downloaded networkx
 Downloaded pydantic-core
 Downloaded pgmpy
      Built pykeops==2.3
 Downloaded torchtext
 Downloaded pycryptodomex
 Downloaded pyts
 Downloaded tokenizers
 Downloaded sqlalchemy
 Downloaded numba
 Downloaded thinc
 Downloaded cryptography
 Downloaded h5py
 Downloaded tensorboard
 Downloaded fonttools
 Downloaded tensorboard-data-server
 Downloaded pillow
 Downloaded torchvision
 Downloaded grpcio
 Downloaded scikit-learn
 Downloaded matplotlib
 Downloaded blis
 Downloaded transformers
 Downloaded statsmodels
 Downloaded pandas
 Downloaded google-api-python-client
 Downloaded numpy
 Downloaded spacy
 Downloaded scipy
 Downloaded pyarrow
 Downloaded llvmlite
 Downloaded xgboost
Prepared 132 packages in 14.48s
Uninstalled 1 package in 2ms
Installed 171 packages in 41ms
 + absl-py==2.5.0
 + accelerate==1.14.0
 + aiohappyeyeballs==2.7.1
 + aiohttp==3.14.3
 + aiosignal==1.4.0
 + alembic==1.19.1
 + annotated-doc==0.0.5
 + annotated-types==0.8.0
 + anyio==4.14.2
 + arfpy==0.1.1
 + attrs==26.1.0
 + autograd==1.9.1
 + autograd-gamma==0.5.0
 + backports-zstd==1.7.0
 + be-great==0.0.14
 + blis==1.3.3
 + brotli==1.2.0
 + catalogue==2.0.10
 + certifi==2026.7.22
 + cffi==2.1.1
 + charset-normalizer==3.5.1
 + chugchug==0.1.3
 + click==8.5.0
 + cloudpathlib==0.25.0
 + cloudpickle==3.1.2
 + colorlog==6.12.0
 + confection==1.3.3
 + contourpy==1.3.3
 + cryptography==50.0.1
 + cycler==0.12.1
 + cymem==2.0.13
 + datasets==2.14.4
 + decaf-synthetic-data==0.1.7
 + dill==0.3.7
 + fastai==2.7.19
 + fastcore==1.7.29
 + fastdownload==0.0.7
 + fastprogress==1.0.5
 + feather-format==0.4.1
 + fflows==0.0.3
 + fonttools==4.64.0
 + formulaic==1.2.2
 + frozenlist==1.8.0
 + geomloss==0.3.1
 + google-ai-generativelanguage==0.6.15
 + google-api-core==2.33.0
 + google-api-python-client==2.199.0
 + google-auth==2.57.0
 + google-auth-httplib2==0.4.2
 + google-generativeai==0.8.6
 + googleapis-common-protos==1.75.0
 + greenlet==3.5.5
 + grpcio==1.83.1
 + grpcio-status==1.71.2
 + h11==0.16.0
 + h5py==3.16.0
 + hf-xet==1.6.0
 + httpcore==1.0.9
 + httplib2==0.32.0
 + httpx==0.28.1
 + huggingface-hub==0.36.2
 + idna==3.19
 + imbalanced-learn==0.14.2
 + importlib-metadata==9.0.1
 + inflate64==1.0.4
 + interface-meta==2.0.1
 + joblib==1.6.0
 + keopscore==2.3
 + kiwisolver==1.5.1
 + lifelines==0.29.0
 + lightning-utilities==0.15.3
 + llvmlite==0.49.0
 + loguru==0.7.3
 + mako==1.4.1
 + markdown==3.10.3
 + markdown-it-py==4.2.0
 + matplotlib==3.11.1
 + mdurl==0.1.2
 + monai==1.4.0
 + multidict==6.7.1
 + multiprocess==0.70.15
 + multivolumefile==0.2.3
 + murmurhash==1.0.15
 + narwhals==2.25.0
 - networkx==3.6.1
 + networkx==2.8.8
 + nflows==0.14
 + numba==0.67.0
 + numpy==1.26.4
 + opacus==1.5.4
 + opt-einsum==3.4.0
 + optuna==4.9.0
 + packaging==26.3
 + pandas==2.3.3
 + patsy==1.0.3
 + pgmpy==0.1.26
 + pillow==12.3.0
 + pip==26.2.1
 + preshed==3.0.13
 + propcache==0.5.2
 + proto-plus==1.28.2
 + protobuf==5.29.6
 + psutil==7.2.2
 + py7zr==1.1.3
 + pyarrow==25.0.1
 + pyasn1==0.6.4
 + pyasn1-modules==0.4.2
 + pybcj==1.0.8
 + pybind11==3.1.0
 + pycox==0.3.0
 + pycparser==3.0
 + pycryptodomex==3.23.0
 + pydantic==2.13.5
 + pydantic-core==2.46.5
 + pygments==2.21.0
 + pykeops==2.3
 + pyparsing==3.3.2
 + pyppmd==1.3.1
 + python-dateutil==2.9.0.post0
 + pytorch-lightning==2.6.5
 + pyts==0.13.0
 + pytz==2026.3.post1
 + pyyaml==6.0.3
 + redis==8.1.0
 + regex==2026.8.31
 + requests==2.34.2
 + rich==15.0.0
 + safetensors==0.8.0
 + scikit-learn==1.9.0
 + scipy==1.17.1
 + setuptools==84.0.0
 + shap==0.49.1
 + shellingham==1.5.4
 + six==1.17.0
 + sklearn-compat==0.1.6
 + slicer==0.0.8
 + smart-open==8.0.1
 + spacy==3.8.16
 + spacy-legacy==3.0.12
 + spacy-loggers==1.0.5
 + sqlalchemy==2.0.52
 + srsly==2.5.3
 + statsmodels==0.15.0
 + synthcity==0.2.12
 + tenacity==9.1.4
 + tensorboard==2.20.0
 + tensorboard-data-server==0.7.2
 + texttable==1.7.0
 + thinc==8.3.13
 + threadpoolctl==3.6.0
 + tokenizers==0.22.2
 + torchmetrics==1.9.0
 + torchtext==0.17.2
 + torchtuples==0.2.2
 + torchvision==0.17.2
 + tqdm==4.70.0
 + transformers==4.57.6
 + tsai==0.4.0
 + typer==0.27.2
 + typing-inspection==0.4.4
 + tzdata==2026.3
 + uritemplate==4.2.0
 + urllib3==2.7.0
 + wasabi==1.1.3
 + weasel==1.0.0
 + werkzeug==3.1.8
 + wrapt==2.4.0
 + xgboost==2.1.4
 + xgbse==0.3.3
 + xxhash==4.0.1
 + yarl==1.24.5
 + zipp==4.1.0
